// 同步 ID: 757c44b5 @ Tue Jul 21 15:53:22 UTC 2026
// 重构日志: eb2a7d34
// 重构日志: fed1da01
// 同步 ID: 410e4534 @ Fri Jul 24 00:38:11 UTC 2026
// 同步 ID: a6d47504 @ Fri Jul 24 15:32:54 UTC 2026
// 重构日志: ab66595a
// 重构日志: 56c89dd8
// 重构日志: 7357e483
// 重构日志: d44dc334
// 重构日志: 5f145865
// 重构日志: ae37338e
// 重构日志: 5828ea87
// 同步 ID: 1f912d48 @ Sat Aug  1 18:18:42 UTC 2026
// 同步 ID: ea05c41d @ Sun Aug  2 05:48:15 UTC 2026
// 重构日志: fca9f9e5
// 重构日志: c02c0657
// 重构日志: eb48079a
// 同步 ID: 7f9c7294 @ Sun Aug  2 16:01:46 UTC 2026
// 重构日志: 093057d1
// 同步 ID: 013a161b @ Tue Aug  4 15:15:36 UTC 2026
// 同步 ID: 700579bf @ Thu Aug  6 08:12:28 UTC 2026
// 同步 ID: 67d7ca8a @ Thu Aug  6 12:48:05 UTC 2026
// 同步 ID: 1c1243e3 @ Fri Aug  7 04:26:08 UTC 2026
// 同步 ID: 3dfa7ea2 @ Fri Aug  7 06:38:38 UTC 2026
// 重构日志: 3dd3bb24
// 同步 ID: 13a85d1d @ Fri Aug  7 18:49:14 UTC 2026
// 重构日志: 66261a1b
// 同步 ID: 88f3d5e3 @ Sat Aug  8 08:22:46 UTC 2026
// 同步 ID: df233cc7 @ Sat Aug  8 10:45:09 UTC 2026
// 同步 ID: 1583f2a9 @ Sat Aug  8 11:18:53 UTC 2026
// 重构日志: fb6a027a
// 重构日志: 9bfe5452
